batch_id,source_system,source_doc_type,source_doc_id,source_line_id,event_timestamp,load_timestamp,status_code,error_code,error_message,ledger_id,legal_entity_id,business_unit,company_code,accounting_date,period_name,journal_category,currency_code,exchange_rate_type,exchange_rate,segment_account,segment_department,segment_product,segment_project,segment_interco,segment_custom1,segment_custom2,customer_id,supplier_id,bank_account_id,invoice_id,invoice_line_id,po_id,receipt_id,asset_id,project_id,quantity,uom_code,tax_code,tax_rate,tax_amount_entered,revrec_rule_code,revrec_start_date,revrec_end_date,description,reference1,reference2,reference3,reference4,reference5,reversal_flag,reversed_interface_id,created_by,updated_by,entered_dr,entered_cr,accounted_dr,accounted_cr
HR_20251029_135132,HR,PAYROLL,EMP00001__,SALARY,2025-10-29 13:51:43.070656,2025-10-29 04:51:43.070656+00:00,READY,,,GL001,COMP001,BU001,COMP001,2025-10-29,2025-10,Payroll,JPY,Corporate,1.0,6100,DEPT_02,,,,CC005,PG01,,,5193399,,,,,,,,,,,,,,,Emp: E00001 | 田中01 太郎01 | 基本給,E00001,PG01,SPLIT_50_50,,,False,,ETL_HR,ETL_HR,300000,0,300000.0,0.0
HR_20251029_135132,HR,PAYROLL,EMP00001__,ALLOWANCE_HOUSING,2025-10-29 13:51:43.071655,2025-10-29 04:51:43.071655+00:00,READY,,,GL001,COMP001,BU001,COMP001,2025-10-29,2025-10,Payroll,JPY,Corporate,1.0,6130,DEPT_02,,,,CC005,PG01,,,5193399,,,,,,,,,,,,,,,Emp: E00001 | 田中01 太郎01 | 住宅手当,E00001,PG01,SPLIT_50_50,,,False,,ETL_HR,ETL_HR,50000,0,50000.0,0.0
HR_20251029_135132,HR,PAYROLL,EMP00001__,ALLOWANCE_TRANSPORTATION,2025-10-29 13:51:43.071655,2025-10-29 04:51:43.071655+00:00,READY,,,GL001,COMP001,BU001,COMP001,2025-10-29,2025-10,Payroll,JPY,Corporate,1.0,6100,DEPT_02,,,,CC005,PG01,,,5193399,,,,,,,,,,,,,,,Emp: E00001 | 田中01 太郎01 | ALLOWANCE_TRANSPORTATION,E00001,PG01,SPLIT_50_50,,,False,,ETL_HR,ETL_HR,20000,0,20000.0,0.0
HR_20251029_135132,HR,PAYROLL,EMP00001__,DEDUCTION_TAX,2025-10-29 13:51:43.071655,2025-10-29 04:51:43.071655+00:00,READY,,,GL001,COMP001,BU001,COMP001,2025-10-29,2025-10,Tax,JPY,Corporate,1.0,6100,DEPT_02,,,,CC005,PG01,,,5193399,,,,,,,,,PAYROLL_TAX_JP,,,,,,Emp: E00001 | 田中01 太郎01 | DEDUCTION_TAX,E00001,PG01,SPLIT_50_50,,,False,,ETL_HR,ETL_HR,0,30000,0.0,30000.0
HR_20251029_135132,HR,PAYROLL,EMP00001__,DEDUCTION_INSURANCE,2025-10-29 13:51:43.071655,2025-10-29 04:51:43.071655+00:00,READY,,,GL001,COMP001,BU001,COMP001,2025-10-29,2025-10,Payroll,JPY,Corporate,1.0,6100,DEPT_02,,,,CC005,PG01,,,5193399,,,,,,,,,,,,,,,Emp: E00001 | 田中01 太郎01 | DEDUCTION_INSURANCE,E00001,PG01,SPLIT_50_50,,,False,,ETL_HR,ETL_HR,0,15000,0.0,15000.0
HR_20251029_135132,HR,PAYROLL,EMP00002__,SALARY,2025-10-29 13:51:43.071655,2025-10-29 04:51:43.071655+00:00,READY,,,GL001,COMP001,BU001,COMP001,2025-10-29,2025-10,Payroll,JPY,Corporate,1.0,6100,DEPT_04,,,,CC007,PG02,,,9415872,,,,,,,,,,,,,,,Emp: E00002 | 田中02 太郎02 | 基本給,E00002,PG02,SPLIT_50_50,,,False,,ETL_HR,ETL_HR,300000,0,300000.0,0.0
HR_20251029_135132,HR,PAYROLL,EMP00002__,ALLOWANCE_HOUSING,2025-10-29 13:51:43.072656,2025-10-29 04:51:43.072656+00:00,READY,,,GL001,COMP001,BU001,COMP001,2025-10-29,2025-10,Payroll,JPY,Corporate,1.0,6130,DEPT_04,,,,CC007,PG02,,,9415872,,,,,,,,,,,,,,,Emp: E00002 | 田中02 太郎02 | 住宅手当,E00002,PG02,SPLIT_50_50,,,False,,ETL_HR,ETL_HR,50000,0,50000.0,0.0
HR_20251029_135132,HR,PAYROLL,EMP00002__,ALLOWANCE_TRANSPORTATION,2025-10-29 13:51:43.072656,2025-10-29 04:51:43.072656+00:00,READY,,,GL001,COMP001,BU001,COMP001,2025-10-29,2025-10,Payroll,JPY,Corporate,1.0,6100,DEPT_04,,,,CC007,PG02,,,9415872,,,,,,,,,,,,,,,Emp: E00002 | 田中02 太郎02 | ALLOWANCE_TRANSPORTATION,E00002,PG02,SPLIT_50_50,,,False,,ETL_HR,ETL_HR,20000,0,20000.0,0.0
HR_20251029_135132,HR,PAYROLL,EMP00002__,DEDUCTION_TAX,2025-10-29 13:51:43.072656,2025-10-29 04:51:43.072656+00:00,READY,,,GL001,COMP001,BU001,COMP001,2025-10-29,2025-10,Tax,JPY,Corporate,1.0,6100,DEPT_04,,,,CC007,PG02,,,9415872,,,,,,,,,PAYROLL_TAX_JP,,,,,,Emp: E00002 | 田中02 太郎02 | DEDUCTION_TAX,E00002,PG02,SPLIT_50_50,,,False,,ETL_HR,ETL_HR,0,30000,0.0,30000.0
HR_20251029_135132,HR,PAYROLL,EMP00002__,DEDUCTION_INSURANCE,2025-10-29 13:51:43.072656,2025-10-29 04:51:43.072656+00:00,READY,,,GL001,COMP001,BU001,COMP001,2025-10-29,2025-10,Payroll,JPY,Corporate,1.0,6100,DEPT_04,,,,CC007,PG02,,,9415872,,,,,,,,,,,,,,,Emp: E00002 | 田中02 太郎02 | DEDUCTION_INSURANCE,E00002,PG02,SPLIT_50_50,,,False,,ETL_HR,ETL_HR,0,15000,0.0,15000.0
